// Vitest Snapshot v1

exports[`src/presentation/Header > renders correctly 1`] = `
<DocumentFragment>
  <header
    class="flex flex-row w-full justify-center items-center h-24 gap-x-8 sm:h-28 lg:h-32"
  >
    <div>
      <h1
        class="font-poller text-white text-lg sm:text-xl lg:text-2xl"
      >
        HH
      </h1>
    </div>
    <div
      class="grow border h-0 border-b-0 max-h-0 max-w-5xl w-auto border-white"
    />
    <div>
      <ul
        class="font-monaco text-white text-sm text-right sm:text-lg lg:text-xl"
      >
        <a
          class="hover:text-gray-400"
          href="https://github.com/hemilabs"
          target="_blank"
        >
          <li>
            GITHUB
          </li>
        </a>
        <a
          class="hover:text-gray-400"
          href="https://discord.gg/RyhaPp7NvQ"
          target="_blank"
        >
          <li>
            COMMUNITY
          </li>
        </a>
        <a
          class="hover:text-gray-400"
          href="https://twitter.com/hemi_xyz/"
          target="_blank"
        >
          <li>
            TWITTER
          </li>
        </a>
      </ul>
    </div>
  </header>
</DocumentFragment>
`;
