// Vitest Snapshot v1

exports[`src/presentation/Hero > renders correctly 1`] = `
<DocumentFragment>
  <div
    class="flex flex-col justify-center items-center h-24"
  >
    <img
      alt="logo"
      class=""
      src="/src/assets/logo.svg"
    />
    <h2
      class="
        font-poller text-white text-center text-xs mt-4
        sm:text-lg md:text-xl lg:text-3xl"
    >
      Testnet Playground
    </h2>
    <h2
      class="font-poller text-white text-center text-xs mt-4 sm:text-lg md:text-xl lg:text-3xl"
    >
      Learn how Ethereum & Bitcoin Finality Works.
    </h2>
  </div>
</DocumentFragment>
`;
