// Vitest Snapshot v1

exports[`src/presentation/Eggs > renders correctly 1`] = `
<DocumentFragment>
  <div
    class="flex flex-row justify-center gap-4 lg:gap-12"
  >
    <button
      class="disabled:opacity-50 lg:hidden"
      disabled=""
    >
      <img
        alt="Go Left"
        class="w-32 rotate-180"
        src="/src/assets/chevron.svg"
      />
    </button>
    <div
      class=""
    >
      <button>
        <div
          class="border border-white transition duration-500 hover:scale-110"
        >
          <img
            alt="Fire Egg"
            src="./testnet/fire-egg.png"
          />
        </div>
        <div
          class="font-monaco text-sm text-white mt-2 text-left sm:text-base md:text-lg md:mt-4"
        >
          01
        </div>
      </button>
    </div>
    <div
      class="hidden lg:block"
    >
      <button>
        <div
          class="border border-white transition duration-500 hover:scale-110"
        >
          <img
            alt="Water Egg"
            src="./testnet/water-egg.png"
          />
        </div>
        <div
          class="font-monaco text-sm text-white mt-2 text-left sm:text-base md:text-lg md:mt-4"
        >
          02
        </div>
      </button>
    </div>
    <div
      class="hidden lg:block"
    >
      <button>
        <div
          class="border border-white transition duration-500 hover:scale-110"
        >
          <img
            alt="Grass Egg"
            src="./testnet/grass-egg.png"
          />
        </div>
        <div
          class="font-monaco text-sm text-white mt-2 text-left sm:text-base md:text-lg md:mt-4"
        >
          03
        </div>
      </button>
    </div>
    <button
      class="disabled:opacity-50 lg:hidden"
    >
      <img
        alt="Go Right"
        class="w-32"
        src="/src/assets/chevron.svg"
      />
    </button>
  </div>
  <div
    class="flex flex-col items-center"
  >
    <h2
      class="font-monaco font-normal text-white text-lg mt-8 sm:text-xl md:text-2xl lg:text-3xl lg:mt-12 xl:text-4xl"
    >
      FREE MINT + GAS FEES
    </h2>
  </div>
</DocumentFragment>
`;
